src/app/e-handel/page.tsx  "text-slate-400 text-center mb-16"  →  "text-muted-foreground text-center mb-16"
src/app/e-handel/page.tsx  "text-slate-400 text-sm leading-relaxed"  →  "text-muted-foreground text-sm leading-relaxed"
src/app/page.tsx  "text-slate-300 text-lg leading-relaxed mb-10"  →  "text-muted-foreground text-lg leading-relaxed mb-10"
src/app/page.tsx  "text-slate-300 text-sm leading-relaxed"  →  "text-muted-foreground text-sm leading-relaxed"
src/app/page.tsx  "inline-block px-7 py-3.5 border border-slate-600 text-slate-300 font-semibold rounded-xl hover:border-slate-400 transition-colors text-sm"  →  "inline-block px-7 py-3.5 border border-slate-600 text-muted-foreground font-semibold rounded-xl hover:border-slate-400 transition-colors text-sm"
src/app/page.tsx  "ml-3 text-xs text-slate-500 font-mono"  →  "ml-3 text-xs text-muted-foreground font-mono"
src/app/page.tsx  "text-slate-400 flex-1 text-xs"  →  "text-muted-foreground flex-1 text-xs"
src/app/page.tsx  "text-slate-600 w-12"  →  "text-muted-foreground w-12"
src/app/page.tsx  "text-slate-600 flex-1 text-xs"  →  "text-muted-foreground flex-1 text-xs"
src/app/page.tsx  "ml-3 text-xs text-slate-500 font-mono"  →  "ml-3 text-xs text-muted-foreground font-mono"
src/app/page.tsx  "text-slate-500 mb-3"  →  "text-muted-foreground mb-3"
src/app/page.tsx  "text-slate-300"  →  "text-muted-foreground"
src/app/page.tsx  "text-slate-500"  →  "text-muted-foreground"
src/app/page.tsx  "mt-5 text-slate-500"  →  "mt-5 text-muted-foreground"
src/app/page.tsx  "mt-2 text-slate-300"  →  "mt-2 text-muted-foreground"
src/app/page.tsx  "text-slate-400"  →  "text-muted-foreground"
src/app/page.tsx  "text-slate-400"  →  "text-muted-foreground"
src/app/page.tsx  "text-slate-400"  →  "text-muted-foreground"
src/app/page.tsx  "pl-4 text-slate-400"  →  "pl-4 text-muted-foreground"
src/app/page.tsx  "text-slate-400"  →  "text-muted-foreground"
src/app/page.tsx  "text-slate-400"  →  "text-muted-foreground"
src/app/page.tsx  "text-slate-400"  →  "text-muted-foreground"
src/app/page.tsx  "text-slate-400"  →  "text-muted-foreground"
src/app/page.tsx  "text-slate-400"  →  "text-muted-foreground"
src/app/page.tsx  "text-slate-400"  →  "text-muted-foreground"
src/app/page.tsx  "text-slate-400"  →  "text-muted-foreground"
src/app/page.tsx  "pl-4 text-slate-400"  →  "pl-4 text-muted-foreground"
src/app/page.tsx  "text-slate-400"  →  "text-muted-foreground"
src/app/page.tsx  "text-slate-400"  →  "text-muted-foreground"
src/app/page.tsx  "text-slate-300"  →  "text-muted-foreground"
src/app/page.tsx  "text-sm text-slate-400 leading-relaxed mb-6"  →  "text-sm text-muted-foreground leading-relaxed mb-6"
src/app/page.tsx  "inline-block px-5 py-2.5 bg-card text-slate-900 text-sm font-semibold rounded-xl hover:bg-muted transition-colors"  →  "inline-block px-5 py-2.5 bg-card text-foreground text-sm font-semibold rounded-xl hover:bg-muted transition-colors"
